2024-03-10 13:58:14.123  6996-6996  NetworkSecurityConfig   com.example.bitmapmishandle          D  No Network Security Config specified, using platform default
2024-03-10 13:58:14.124  6996-6996  NetworkSecurityConfig   com.example.bitmapmishandle          D  No Network Security Config specified, using platform default
2024-03-10 13:58:14.149  6996-7020  libEGL                  com.example.bitmapmishandle          D  loaded /vendor/lib64/egl/libEGL_emulation.so
2024-03-10 13:58:14.160  6996-6996  histInstrumentation     com.example.bitmapmishandle          I  cb 16978004 onCreate
2024-03-10 13:58:14.163  6996-7020  libEGL                  com.example.bitmapmishandle          D  loaded /vendor/lib64/egl/libGLESv1_CM_emulation.so
2024-03-10 13:58:14.182  6996-7020  libEGL                  com.example.bitmapmishandle          D  loaded /vendor/lib64/egl/libGLESv2_emulation.so
2024-03-10 13:58:14.265  6996-6996  Compatibil...geReporter com.example.bitmapmishandle          D  Compat change id reported: 210923482; UID 10158; state: ENABLED
2024-03-10 13:58:14.270  6996-6996  histInstrumentation     com.example.bitmapmishandle          I  ci 16978004 setContentView 2131361820
2024-03-10 13:58:14.272  6996-6996  histInstrumentation     com.example.bitmapmishandle          I   166603391 = new MainActivity$DownloadTask 
2024-03-10 13:58:14.272  6996-6996  histInstrumentation     com.example.bitmapmishandle          I  143981132 = ci 16978004 findViewById 2131165438
2024-03-10 13:58:14.274  6996-6996  histInstrumentation     com.example.bitmapmishandle          I  ci 143981132 setOnClickListener 242870933
2024-03-10 13:58:14.428  6996-7018  HostConnection          com.example.bitmapmishandle          D  createUnique: call
2024-03-10 13:58:14.429  6996-7018  HostConnection          com.example.bitmapmishandle          D  HostConnection::get() New Host Connection established 0x7541c78e18d0, tid 7018
2024-03-10 13:58:14.472  6996-7018  HostConnection          com.example.bitmapmishandle          D  HostComposition ext ANDROID_EMU_CHECKSUM_HELPER_v1 ANDROID_EMU_native_sync_v2 ANDROID_EMU_native_sync_v3 ANDROID_EMU_native_sync_v4 ANDROID_EMU_dma_v1 ANDROID_EMU_direct_mem ANDROID_EMU_host_composition_v1 ANDROID_EMU_host_composition_v2 ANDROID_EMU_vulkan ANDROID_EMU_deferred_vulkan_commands ANDROID_EMU_vulkan_null_optional_strings ANDROID_EMU_vulkan_create_resources_with_requirements ANDROID_EMU_YUV_Cache ANDROID_EMU_vulkan_ignored_handles ANDROID_EMU_has_shared_slots_host_memory_allocator ANDROID_EMU_vulkan_free_memory_sync ANDROID_EMU_vulkan_shader_float16_int8 ANDROID_EMU_vulkan_async_queue_submit ANDROID_EMU_vulkan_queue_submit_with_commands ANDROID_EMU_sync_buffer_data ANDROID_EMU_read_color_buffer_dma ANDROID_EMU_hwc_multi_configs GL_OES_EGL_image_external_essl3 GL_OES_vertex_array_object GL_KHR_texture_compression_astc_ldr ANDROID_EMU_host_side_tracing ANDROID_EMU_gles_max_version_3_1 
2024-03-10 13:58:14.477  6996-7018  OpenGLRenderer          com.example.bitmapmishandle          W  Failed to choose config with EGL_SWAP_BEHAVIOR_PRESERVED, retrying without...
2024-03-10 13:58:14.479  6996-7018  OpenGLRenderer          com.example.bitmapmishandle          W  Failed to initialize 101010-2 format, error = EGL_SUCCESS
2024-03-10 13:58:14.487  6996-7018  EGL_emulation           com.example.bitmapmishandle          D  eglCreateContext: 0x7541c78e0b50: maj 3 min 1 rcv 4
2024-03-10 13:58:14.490  6996-7018  EGL_emulation           com.example.bitmapmishandle          D  eglMakeCurrent: 0x7541c78e0b50: ver 3 1 (tinfo 0x7543e082d080) (first time)
2024-03-10 13:58:14.545  6996-7018  Gralloc4                com.example.bitmapmishandle          I  mapper 4.x is not supported
2024-03-10 13:58:14.547  6996-7018  HostConnection          com.example.bitmapmishandle          D  createUnique: call
2024-03-10 13:58:14.561  6996-7018  HostConnection          com.example.bitmapmishandle          D  HostConnection::get() New Host Connection established 0x7541c78dfa10, tid 7018
2024-03-10 13:58:14.562  6996-7018  goldfish-address-space  com.example.bitmapmishandle          D  allocate: Ask for block of size 0x100
2024-03-10 13:58:14.562  6996-7018  goldfish-address-space  com.example.bitmapmishandle          D  allocate: ioctl allocate returned offset 0x3f3ffe000 size 0x2000
2024-03-10 13:58:14.680  6996-7018  Gralloc4                com.example.bitmapmishandle          W  allocator 4.x is not supported
2024-03-10 13:58:14.738  6996-7018  HostConnection          com.example.bitmapmishandle          D  HostComposition ext ANDROID_EMU_CHECKSUM_HELPER_v1 ANDROID_EMU_native_sync_v2 ANDROID_EMU_native_sync_v3 ANDROID_EMU_native_sync_v4 ANDROID_EMU_dma_v1 ANDROID_EMU_direct_mem ANDROID_EMU_host_composition_v1 ANDROID_EMU_host_composition_v2 ANDROID_EMU_vulkan ANDROID_EMU_deferred_vulkan_commands ANDROID_EMU_vulkan_null_optional_strings ANDROID_EMU_vulkan_create_resources_with_requirements ANDROID_EMU_YUV_Cache ANDROID_EMU_vulkan_ignored_handles ANDROID_EMU_has_shared_slots_host_memory_allocator ANDROID_EMU_vulkan_free_memory_sync ANDROID_EMU_vulkan_shader_float16_int8 ANDROID_EMU_vulkan_async_queue_submit ANDROID_EMU_vulkan_queue_submit_with_commands ANDROID_EMU_sync_buffer_data ANDROID_EMU_read_color_buffer_dma ANDROID_EMU_hwc_multi_configs GL_OES_EGL_image_external_essl3 GL_OES_vertex_array_object GL_KHR_texture_compression_astc_ldr ANDROID_EMU_host_side_tracing ANDROID_EMU_gles_max_version_3_1 
2024-03-10 13:58:14.885  6996-7018  Parcel                  com.example.bitmapmishandle          W  Expecting binder but got null!
2024-03-10 13:58:14.887  6996-6996  Choreographer           com.example.bitmapmishandle          I  Skipped 30 frames!  The application may be doing too much work on its main thread.
2024-03-10 13:58:19.345  6996-7018  EGL_emulation           com.example.bitmapmishandle          D  app_time_stats: avg=337.34ms min=3.58ms max=4243.77ms count=13
2024-03-10 13:58:19.438  6996-6996  histInstrumentation     com.example.bitmapmishandle          I  cb 242870933 onClick 143981132
2024-03-10 13:58:19.438  6996-6996  histInstrumentation     com.example.bitmapmishandle          I  176625256 = ci 166603391 getStatus 
2024-03-10 13:58:19.440  6996-6996  histInstrumentation     com.example.bitmapmishandle          I  ci 166603391 execute 110024486
2024-03-10 13:58:19.443  6996-7136  histInstrumentation     com.example.bitmapmishandle          I  cb 166603391 doInBackground 
2024-03-10 13:58:20.089  6996-6996  histInstrumentation     com.example.bitmapmishandle          I  cb 242870933 onClick 143981132
2024-03-10 13:58:20.089  6996-6996  histInstrumentation     com.example.bitmapmishandle          I  227552701 = ci 166603391 getStatus 
2024-03-10 13:58:20.090  6996-6996  Compatibil...geReporter com.example.bitmapmishandle          D  Compat change id reported: 147798919; UID 10158; state: ENABLED
2024-03-10 13:58:20.093  6996-6996  histInstrumentation     com.example.bitmapmishandle          I  ci  makeText 
2024-03-10 13:58:20.354  6996-7018  EGL_emulation           com.example.bitmapmishandle          D  app_time_stats: avg=7.66ms min=1.74ms max=37.10ms count=60
2024-03-10 13:58:20.923  6996-6996  histInstrumentation     com.example.bitmapmishandle          I  cb 242870933 onClick 143981132
2024-03-10 13:58:20.923  6996-6996  histInstrumentation     com.example.bitmapmishandle          I  227552701 = ci 166603391 getStatus 
2024-03-10 13:58:20.924  6996-6996  histInstrumentation     com.example.bitmapmishandle          I  ci  makeText 
2024-03-10 13:58:21.220  6996-6996  histInstrumentation     com.example.bitmapmishandle          I  cb 242870933 onClick 143981132
2024-03-10 13:58:21.220  6996-6996  histInstrumentation     com.example.bitmapmishandle          I  227552701 = ci 166603391 getStatus 
2024-03-10 13:58:21.223  6996-6996  histInstrumentation     com.example.bitmapmishandle          I  ci  makeText 
2024-03-10 13:58:21.370  6996-7018  EGL_emulation           com.example.bitmapmishandle          D  app_time_stats: avg=13.38ms min=2.45ms max=24.42ms count=60
2024-03-10 13:58:21.985  6996-6996  histInstrumentation     com.example.bitmapmishandle          I  cb 242870933 onClick 143981132
2024-03-10 13:58:21.986  6996-6996  histInstrumentation     com.example.bitmapmishandle          I  227552701 = ci 166603391 getStatus 
2024-03-10 13:58:21.988  6996-6996  histInstrumentation     com.example.bitmapmishandle          I  ci  makeText 
2024-03-10 13:58:22.173  6996-6996  histInstrumentation     com.example.bitmapmishandle          I  cb 242870933 onClick 143981132
2024-03-10 13:58:22.174  6996-6996  histInstrumentation     com.example.bitmapmishandle          I  227552701 = ci 166603391 getStatus 
2024-03-10 13:58:22.179  6996-6996  histInstrumentation     com.example.bitmapmishandle          I  ci  makeText 
2024-03-10 13:58:22.373  6996-7018  EGL_emulation           com.example.bitmapmishandle          D  app_time_stats: avg=10.36ms min=1.34ms max=23.00ms count=58
2024-03-10 13:58:23.158  6996-6996  histInstrumentation     com.example.bitmapmishandle          I  cb 242870933 onClick 143981132
2024-03-10 13:58:23.159  6996-6996  histInstrumentation     com.example.bitmapmishandle          I  227552701 = ci 166603391 getStatus 
2024-03-10 13:58:23.162  6996-6996  histInstrumentation     com.example.bitmapmishandle          I  ci  makeText 
2024-03-10 13:58:23.360  6996-6996  histInstrumentation     com.example.bitmapmishandle          I  cb 242870933 onClick 143981132
2024-03-10 13:58:23.360  6996-6996  histInstrumentation     com.example.bitmapmishandle          I  227552701 = ci 166603391 getStatus 
2024-03-10 13:58:23.366   611-1117  NotificationService     system_server                        E  Package has already queued 5 toasts. Not showing more. Package=com.example.bitmapmishandle
2024-03-10 13:58:23.366  6996-6996  histInstrumentation     com.example.bitmapmishandle          I  ci  makeText 
2024-03-10 13:58:23.380  6996-7018  EGL_emulation           com.example.bitmapmishandle          D  app_time_stats: avg=14.73ms min=1.98ms max=135.41ms count=52
2024-03-10 13:58:24.012  6996-6996  histInstrumentation     com.example.bitmapmishandle          I  cb 242870933 onClick 143981132
2024-03-10 13:58:24.012  6996-6996  histInstrumentation     com.example.bitmapmishandle          I  227552701 = ci 166603391 getStatus 
2024-03-10 13:58:24.014   611-1117  NotificationService     system_server                        E  Package has already queued 5 toasts. Not showing more. Package=com.example.bitmapmishandle
2024-03-10 13:58:24.014  6996-6996  histInstrumentation     com.example.bitmapmishandle          I  ci  makeText 
2024-03-10 13:58:24.224  6996-6996  histInstrumentation     com.example.bitmapmishandle          I  cb 242870933 onClick 143981132
2024-03-10 13:58:24.225  6996-6996  histInstrumentation     com.example.bitmapmishandle          I  227552701 = ci 166603391 getStatus 
2024-03-10 13:58:24.228   611-1862  NotificationService     system_server                        E  Package has already queued 5 toasts. Not showing more. Package=com.example.bitmapmishandle
2024-03-10 13:58:24.228  6996-6996  histInstrumentation     com.example.bitmapmishandle          I  ci  makeText 
2024-03-10 13:58:24.384  6996-7018  EGL_emulation           com.example.bitmapmishandle          D  app_time_stats: avg=4.03ms min=1.45ms max=19.90ms count=60
2024-03-10 13:58:24.444  6996-6996  histInstrumentation     com.example.bitmapmishandle          I  cb 166603391 onPostExecute 4602611
2024-03-10 13:58:24.444  6996-6996  System.out              com.example.bitmapmishandle          I  Downloaded from: http://example.com/file.zip
2024-03-10 13:58:25.203  6996-6996  histInstrumentation     com.example.bitmapmishandle          I  cb 242870933 onClick 143981132
2024-03-10 13:58:25.204  6996-6996  histInstrumentation     com.example.bitmapmishandle          I  65434153 = ci 166603391 getStatus 
2024-03-10 13:58:25.204  6996-6996  AndroidRuntime          com.example.bitmapmishandle          D  Shutting down VM
2024-03-10 13:58:25.211  6996-6996  AndroidRuntime          com.example.bitmapmishandle          E  FATAL EXCEPTION: main
                                                                                                    Process: com.example.bitmapmishandle, PID: 6996
                                                                                                    java.lang.IllegalStateException: Cannot execute task: the task has already been executed (a task can be executed only once)
                                                                                                    	at android.os.AsyncTask.executeOnExecutor(AsyncTask.java:716)
                                                                                                    	at android.os.AsyncTask.execute(AsyncTask.java:671)
                                                                                                    	at com.example.bitmapmishandle.MainActivity$1.onClick(MainActivity.java:62)
                                                                                                    	at android.view.View.performClick(View.java:7506)
                                                                                                    	at android.view.View.performClickInternal(View.java:7483)
                                                                                                    	at android.view.View.-$$Nest$mperformClickInternal(Unknown Source:0)
                                                                                                    	at android.view.View$PerformClick.run(View.java:29335)
                                                                                                    	at android.os.Handler.handleCallback(Handler.java:942)
                                                                                                    	at android.os.Handler.dispatchMessage(Handler.java:99)
                                                                                                    	at android.os.Looper.loopOnce(Looper.java:201)
                                                                                                    	at android.os.Looper.loop(Looper.java:288)
                                                                                                    	at android.app.ActivityThread.main(ActivityThread.java:7898)
                                                                                                    	at java.lang.reflect.Method.invoke(Native Method)
                                                                                                    	at com.android.internal.os.RuntimeInit$MethodAndArgsCaller.run(RuntimeInit.java:548)
                                                                                                    	at com.android.internal.os.ZygoteInit.main(ZygoteInit.java:936)
2024-03-10 13:58:25.388  6996-7018  EGL_emulation           com.example.bitmapmishandle          D  app_time_stats: avg=18.64ms min=8.32ms max=124.25ms count=53
2024-03-10 13:58:26.403  6996-7018  EGL_emulation           com.example.bitmapmishandle          D  app_time_stats: avg=6.10ms min=1.54ms max=28.58ms count=59
2024-03-10 13:58:27.420  6996-7018  EGL_emulation           com.example.bitmapmishandle          D  app_time_stats: avg=4.20ms min=3.82ms max=4.58ms count=61

WITNESSED
